// Jest Snapshot v1, https://goo.gl/fbAQLP

exports[`Select snapshots should render 1`] = `
<div
  className="select"
>
  <div
    className="select__field-container"
    onClick={[Function]}
  >
    <div
      className="select__field"
    >
      <div
        className="select__option select__option--unselectable"
      >
        <div
          className="select__option-text"
        />
      </div>
    </div>
    <div
      className="select__field-icon"
    >
      <div
        className="icon icon--medium"
      >
        <svg
          fill="none"
          height="1em"
          stroke="currentColor"
          strokeLinecap="round"
          strokeLinejoin="round"
          strokeWidth="2"
          style={
            Object {
              "color": undefined,
            }
          }
          viewBox="0 0 24 24"
          width="1em"
          xmlns="http://www.w3.org/2000/svg"
        >
          <polyline
            points="6 9 12 15 18 9"
          />
        </svg>
      </div>
    </div>
  </div>
  <div
    className="select__dropdown"
  >
    <div
      className="select__option"
      onClick={[Function]}
    >
      <div
        className="select__option-icon"
      >
        <svg
          fill="none"
          height="1em"
          stroke="currentColor"
          strokeLinecap="round"
          strokeLinejoin="round"
          strokeWidth="2"
          style={
            Object {
              "color": undefined,
            }
          }
          viewBox="0 0 24 24"
          width="1em"
          xmlns="http://www.w3.org/2000/svg"
        >
          <polyline
            points="22 12 18 12 15 21 9 3 6 12 2 12"
          />
        </svg>
      </div>
      <div
        className="select__option-text"
      >
        text1
      </div>
    </div>
    <div
      className="select__option"
      onClick={[Function]}
    >
      <div
        className="select__option-text"
      >
        text2
      </div>
    </div>
  </div>
</div>
`;
