// Jest Snapshot v1, https://goo.gl/fbAQLP

exports[`TranslationLayoutSelector snapshots should render 1`] = `
<div
  className="translation-layout-selector"
>
  <div
    className="button-radio"
  >
    <button
      className="button-radio__option"
      onClick={[Function]}
      title="Uma coluna"
    >
      <div
        className="translation-layout-selector__custom-content"
      >
        <span />
      </div>
    </button>
    <button
      className="button-radio__option button-radio__option--selected"
      onClick={[Function]}
      title="Duas colunas"
    >
      <div
        className="translation-layout-selector__custom-content"
      >
        <span />
        <span />
      </div>
    </button>
    <button
      className="button-radio__option"
      onClick={[Function]}
      title="TrÃªs colunas"
    >
      <div
        className="translation-layout-selector__custom-content"
      >
        <span />
        <span />
        <span />
      </div>
    </button>
  </div>
</div>
`;
